C:\Users\HP>cd desktop
C:\Users\HP\Desktop>attrib +h +s +r deneme1
//MASAÜSTÜNDEN BİR DOSYAYIYI YOK ETME YÖNTEMİ


C:\Users\HP>cd desktop
C:\Users\HP\Desktop>attrib -h -s -r deneme1
//DOSYAYI GERİ GETİRME YÖNTEMİ 



C:\Users\HP\Desktop>netsh wlan show profile
//SADECE DAHA ÖNCEKİ AĞLARI GÖSTERİR





C:\Users\HP\Desktop>netsh wlan show profile   "SUPERONLINE_Wi-Fi_6371" key=clear
//BAĞLI OLDUĞUNUZ AĞIN ŞİFRESİNİ GÖSTERİR




C:\Users\HP\Desktop\son belgeler
//DOSYALARIN İÇİNDEN BİR ŞEY SEÇERKEN YOLU BULUP ARAMA YERİNE "cmd" YAZARAK CMD'DE DİREKT BU DİZİNE GEÇİLİR 




C:\Users\HP>color df
//ARKA PLAN VE YAZI RENGİNİ DEĞİŞTİRMEYE YARAR 


C:\Users\HP>color /? 
// RENKLER KONUSUNDA YARDIM ALMANIZI SAĞLAR 

C:\Users\HP>title Laptop
//CMD YAZISININ YERİNE BİR TİTLE VERİR 


curl wttr.in/dallas
//HAVA DURUMUNU GÖRMEK İÇİN 



C:\Users\HP>curl --head --location "https://google.com" | findstr location
//WEB SİTELERİNİN YERİNİ , AKIŞINI GÖRMEYİ SAĞLAR 

curl -Is https://google.com
//WEB SİTE BİLGİLERİNİ GÖSTERİR



C:\Users\HP>telnet telehack.com
//EĞLENCE AMAÇLI BİR TOOL VE BUNU AKTİF ETMEK İÇİN WİN10'DAN WİN ÖZELLİKLERİNİ AÇ KAPA'YA GİRİP TELNETİ AKTİF ET



cls komutu 
//CMD'DE YAZDIĞINIZ HER ŞEYİ SİLER 


F5 komutu
//DAHA ÖNCE KULLLANDIĞINIZ KOMUTLARI GERİ TEK TEK GERİ GETİRİR

F7 komuutu 
//DAHA ÖNCE YAZDIĞINIZ KOMUTLARI SAYFA HALİNDE SUNAR 


ipconfig 
//IP BİLGİNİZİ GÖSTERİR


****
C:\WINDOWS\system32>powercfg /energy
//BİLGİSAYAR ENERJİSİYLE İLE İLGİLİ RAPORLAMA VERİR
****

****
C:\WINDOWS\system32>powercfg /batteryreport
//BATARYAYI RAPORLAR
****


C:\WINDOWS\system32>ASSOC
//HANGİ UYGULAMA NE İLE AÇILIYOR ONU GÖSTERİR

C:\WINDOWS\system32>chkdsk /f
//BİLGİSAYARDAKİ DİSKDEKİ ERRORLARI TAMİR EDER 


C:\WINDOWS\system32>sfc /scannow  //SADECE SFC YAZARAK DİĞER KOMUTLARI GÖRÜNTÜLEYEBİLİRSİNİZ 
//SİSTEMDEKİ DOSYALARI TARAR 

****
C:\WINDOWS\system32>netsh wlan show wlanreport
//WLAN İLE İLGİLİ BİLGİLERİ RAPORLAR 
****


C:\WINDOWS\system32>netsh interface show interface
//İNTERNET KULLANMA ARAYÜZÜ GÖSTERİR

C:\WINDOWS\system32>netsh interface ip show address | findstr "IP Address"
//IP ADRESİ GÖSTERİR

C:\WINDOWS\system32>tracert google.com
//BİR İNTERNET SAYFASININ İP'SİNİ , YÖNLERNDİRME YOLUNU GÖSTERİR


C:\WINDOWS\system32>netstat
//TCP GÖSTERİR 



C:\WINDOWS\system32>netstat -e -t 5
//ALINAN GÖNDERİLEN ARAYÜZ STATİKLERİNİ GÖSTERİR


****
C:\WINDOWS\system32>shutdown /r /fw /f /t 0
//DİREKT BİOS EKRANIN AÇAR 
****


